one:            two
three:          four
seventeen:      five