% log before edit
@  changeset:   6:bfa474341cc9
|  tag:         tip
|  user:        test
|  date:        Thu Jan 01 00:00:00 1970 +0000
|  summary:     does not commute with e
|
o  changeset:   5:652413bf663e
|  user:        test
|  date:        Thu Jan 01 00:00:00 1970 +0000
|  summary:     f
|
o  changeset:   4:e860deea161a
|  user:        test
|  date:        Thu Jan 01 00:00:00 1970 +0000
|  summary:     e
|
o  changeset:   3:055a42cdd887
|  user:        test
|  date:        Thu Jan 01 00:00:00 1970 +0000
|  summary:     d
|
o  changeset:   2:177f92b77385
|  user:        test
|  date:        Thu Jan 01 00:00:00 1970 +0000
|  summary:     c
|
o  changeset:   1:d2ae7f538514
|  user:        test
|  date:        Thu Jan 01 00:00:00 1970 +0000
|  summary:     b
|
o  changeset:   0:cb9a9f314b8b
   user:        test
   date:        Thu Jan 01 00:00:00 1970 +0000
   summary:     a

% edit the history
0 files updated, 0 files merged, 2 files removed, 0 files unresolved
1 out of 1 hunks FAILED -- saving rejects to file e.rej
abort: Fix up the change and run hg histedit --continue
% abort the edit
2 files updated, 0 files merged, 0 files removed, 0 files unresolved


% second edit set
@  changeset:   6:bfa474341cc9
|  tag:         tip
|  user:        test
|  date:        Thu Jan 01 00:00:00 1970 +0000
|  summary:     does not commute with e
|
o  changeset:   5:652413bf663e
|  user:        test
|  date:        Thu Jan 01 00:00:00 1970 +0000
|  summary:     f
|
o  changeset:   4:e860deea161a
|  user:        test
|  date:        Thu Jan 01 00:00:00 1970 +0000
|  summary:     e
|
o  changeset:   3:055a42cdd887
|  user:        test
|  date:        Thu Jan 01 00:00:00 1970 +0000
|  summary:     d
|
o  changeset:   2:177f92b77385
|  user:        test
|  date:        Thu Jan 01 00:00:00 1970 +0000
|  summary:     c
|
o  changeset:   1:d2ae7f538514
|  user:        test
|  date:        Thu Jan 01 00:00:00 1970 +0000
|  summary:     b
|
o  changeset:   0:cb9a9f314b8b
   user:        test
   date:        Thu Jan 01 00:00:00 1970 +0000
   summary:     a

% edit the history
0 files updated, 0 files merged, 2 files removed, 0 files unresolved
1 out of 1 hunks FAILED -- saving rejects to file e.rej
abort: Fix up the change and run hg histedit --continue
% fix up
0 files updated, 0 files merged, 0 files removed, 0 files unresolved
file e already exists
1 out of 1 hunks FAILED -- saving rejects to file e.rej
abort: Fix up the change and run hg histedit --continue

% just continue this time
0 files updated, 0 files merged, 0 files removed, 0 files unresolved
0 files updated, 0 files merged, 0 files removed, 0 files unresolved
% log after edit
@  changeset:   5:9ab84894b459
|  tag:         tip
|  user:        test
|  date:        Thu Jan 01 00:00:00 1970 +0000
|  summary:     f
|
o  changeset:   4:1fff3ae8199d
|  user:        test
|  date:        Thu Jan 01 00:00:00 1970 +0000
|  summary:     does not commute with e
|
o  changeset:   3:055a42cdd887
|  user:        test
|  date:        Thu Jan 01 00:00:00 1970 +0000
|  summary:     d
|
o  changeset:   2:177f92b77385
|  user:        test
|  date:        Thu Jan 01 00:00:00 1970 +0000
|  summary:     c
|
o  changeset:   1:d2ae7f538514
|  user:        test
|  date:        Thu Jan 01 00:00:00 1970 +0000
|  summary:     b
|
o  changeset:   0:cb9a9f314b8b
   user:        test
   date:        Thu Jan 01 00:00:00 1970 +0000
   summary:     a

% start over
% edit the history, this time with a fold action
0 files updated, 0 files merged, 2 files removed, 0 files unresolved
1 out of 1 hunks FAILED -- saving rejects to file e.rej
abort: Fix up the change and run hg histedit --continue

0 files updated, 0 files merged, 0 files removed, 0 files unresolved
file e already exists
1 out of 1 hunks FAILED -- saving rejects to file e.rej
abort: Fix up the change and run hg histedit --continue
% second edit also fails, but just continue
0 files updated, 0 files merged, 0 files removed, 0 files unresolved
0 files updated, 0 files merged, 0 files removed, 0 files unresolved
% post message fix
@  changeset:   5:6459970fb49b
|  tag:         tip
|  user:        test
|  date:        Thu Jan 01 00:00:00 1970 +0000
|  summary:     f
|
o  changeset:   4:556f27c874b0
|  user:        test
|  date:        Thu Jan 01 00:00:00 1970 +0000
|  summary:     pick 177f92b77385 c
|
o  changeset:   3:055a42cdd887
|  user:        test
|  date:        Thu Jan 01 00:00:00 1970 +0000
|  summary:     d
|
o  changeset:   2:177f92b77385
|  user:        test
|  date:        Thu Jan 01 00:00:00 1970 +0000
|  summary:     c
|
o  changeset:   1:d2ae7f538514
|  user:        test
|  date:        Thu Jan 01 00:00:00 1970 +0000
|  summary:     b
|
o  changeset:   0:cb9a9f314b8b
   user:        test
   date:        Thu Jan 01 00:00:00 1970 +0000
   summary:     a

% EOF
